
> gestao-api@1.0.0 build
> tsc

src/modules/products/presentation/controllers/ProductController.ts(2,32): error TS2307: Cannot find module '../application/services/ProductService' or its corresponding type declarations.
src/modules/products/presentation/routes/product.routes.ts(2,32): error TS2307: Cannot find module '../../../middlewares/auth.middleware' or its corresponding type declarations.
src/modules/products/presentation/routes/product.routes.ts(3,35): error TS2307: Cannot find module '../presentation/controllers/ProductController' or its corresponding type declarations.
src/modules/products/presentation/routes/product.routes.ts(4,32): error TS2307: Cannot find module '../application/services/ProductService' or its corresponding type declarations.
src/modules/products/presentation/routes/product.routes.ts(5,41): error TS2307: Cannot find module '../infra/prisma/PrismaProductRepository' or its corresponding type declarations.
src/modules/products/presentation/routes/product.routes.ts(6,44): error TS2307: Cannot find module '../infra/prisma/PrismaIngredientRepository' or its corresponding type declarations.
src/modules/products/presentation/routes/product.routes.ts(7,39): error TS2307: Cannot find module '../../stock/infra/prisma/PrismaStockRepository' or its corresponding type declarations.
src/modules/stock/presentation/controllers/StockController.ts(2,30): error TS2307: Cannot find module '../application/services/StockService' or its corresponding type declarations.
src/modules/stock/presentation/routes/stock.routes.ts(2,32): error TS2307: Cannot find module '../../../middlewares/auth.middleware' or its corresponding type declarations.
src/modules/stock/presentation/routes/stock.routes.ts(3,33): error TS2307: Cannot find module '../presentation/controllers/StockController' or its corresponding type declarations.
src/modules/stock/presentation/routes/stock.routes.ts(4,30): error TS2307: Cannot find module '../application/services/StockService' or its corresponding type declarations.
src/modules/stock/presentation/routes/stock.routes.ts(5,39): error TS2307: Cannot find module '../infra/prisma/PrismaStockRepository' or its corresponding type declarations.
src/services/auth.service.ts(4,10): error TS2305: Module '"../middlewares/auth.middleware"' has no exported member 'generateToken'.
