  console.log
    Test setup complete

      at Object.<anonymous> (src/__tests__/setup.ts:15:9)

node.exe : FAIL src/__tests__/services/stock-deduction.test.ts
No linha:1 caractere:1
+ & "C:\Program Files\nodejs/node.exe" "C:\Users\rober\AppData\Roaming\ ...
+ ~~~~~~~~~~~~~~~~~~~~~~~~~~~~~~~~~~~~~~~~~~~~~~~~~~~~~~~~~~~~~~~~~~~~~
    + CategoryInfo          : NotSpecified: (FAIL src/__test...duction.test.ts:String) [], RemoteException
    + FullyQualifiedErrorId : NativeCommandError
 
  StockDeductionService
    deductByOrder
      ├ù deve retornar erro se o pedido n├úo for encontrado (5 ms)
      ├ù deve retornar erro se o pedido j├í tiver baixa realizada (1 ms)

  ÔùÅ StockDeductionService ÔÇ║ deductByOrder ÔÇ║ deve retornar erro se o pedido n├úo for encontrado

    expect(received).toContain(expected) // indexOf

    Expected value: "Pedido n├úo encontrado"
    Received array: ["Erro ao processar baixa: TypeError: Cannot read properties of undefined (reading 'findUnique')"]

    [0m [90m 30 |[39m
     [90m 31 |[39m 			expect(result[33m.[39msuccess)[33m.[39mtoBe([36mfalse[39m)[33m;[39m
    [31m[1m>[22m[39m[90m 32 |[39m 			expect(result[33m.[39merrors)[33m.[39mtoContain([32m"Pedido n├úo encontrado"[39m)[33m;[39m
     [90m    |[39m 			                      [31m[1m^[22m[39m
     [90m 33 |[39m 		})[33m;[39m
     [90m 34 |[39m
     [90m 35 |[39m 		it([32m"deve retornar erro se o pedido j├í tiver baixa realizada"[39m[33m,[39m [36masync[39m () [33m=>[39m {[0m

      at Object.<anonymous> (src/__tests__/services/stock-deduction.test.ts:32:26)

  ÔùÅ StockDeductionService ÔÇ║ deductByOrder ÔÇ║ deve retornar erro se o pedido j├í tiver baixa realizada

    expect(received).toContain(expected) // indexOf

    Expected value: "Baixa de estoque j├í realizada para este pedido"
    Received array: ["Erro ao processar baixa: TypeError: Cannot read properties of undefined (reading 'findUnique')"]

    [0m [90m 45 |[39m
     [90m 46 |[39m 			expect(result[33m.[39msuccess)[33m.[39mtoBe([36mfalse[39m)[33m;[39m
    [31m[1m>[22m[39m[90m 47 |[39m 			expect(result[33m.[39merrors)[33m.[39mtoContain(
     [90m    |[39m 			                      [31m[1m^[22m[39m
     [90m 48 |[39m 				[32m"Baixa de estoque j├í realizada para este pedido"[39m[33m,[39m
     [90m 49 |[39m 			)[33m;[39m
     [90m 50 |[39m 		})[33m;[39m[0m

      at Object.<anonymous> (src/__tests__/services/stock-deduction.test.ts:47:26)

Test Suites: 1 failed, 1 total
Tests:       2 failed, 2 total
Snapshots:   0 total
Time:        1.639 s, estimated 2 s
Ran all test suites.
